Step 1 start: 0 ms
Step 1 setters done: 6 ms; text 0.0; caret 0.0; options 5.4
Step 1 dispatcher resumed: 8 ms
Step 1 done: 211 ms; setters 6.8; dispatcher 1.4; layout 203.5
Step 2 start: 211 ms
Step 2 setters done: 215 ms; text 0.0; caret 0.0; options 3.4
Step 2 dispatcher resumed: 242 ms
Step 2 done: 442 ms; setters 4.0; dispatcher 27.0; layout 200.2
Step 3 start: 442 ms
Step 3 setters done: 446 ms; text 0.0; caret 0.0; options 3.0
Step 3 dispatcher resumed: 469 ms
Step 3 done: 656 ms; setters 3.4; dispatcher 23.1; layout 187.5
Step 4 start: 656 ms
Step 4 setters done: 659 ms; text 0.0; caret 0.0; options 2.5
Step 4 dispatcher resumed: 690 ms
Step 4 done: 866 ms; setters 3.0; dispatcher 30.1; layout 176.3
Step 5 start: 866 ms
Step 5 setters done: 940 ms; text 67.2; caret 0.8; options 4.8
Step 5 dispatcher resumed: 1101 ms
Step 5 done: 1267 ms; setters 73.7; dispatcher 161.3; layout 166.3
Step 6 start: 1267 ms
Step 6 setters done: 1270 ms; text 0.0; caret 0.0; options 2.5
Step 6 dispatcher resumed: 1290 ms
Step 6 done: 1442 ms; setters 3.0; dispatcher 19.7; layout 152.0
Step 7 start: 1442 ms
Step 7 setters done: 1444 ms; text 0.0; caret 0.0; options 2.4
Step 7 dispatcher resumed: 1469 ms
Step 7 done: 1617 ms; setters 2.6; dispatcher 24.7; layout 147.5
Step 8 start: 1617 ms
Step 8 setters done: 1619 ms; text 0.0; caret 0.0; options 2.3
Step 8 dispatcher resumed: 1638 ms
Step 8 done: 1764 ms; setters 2.5; dispatcher 19.1; layout 126.1
Step 9 start: 1764 ms
Step 9 setters done: 1767 ms; text 0.0; caret 0.0; options 2.2
Step 9 dispatcher resumed: 1788 ms
Step 9 done: 1925 ms; setters 2.3; dispatcher 21.1; layout 136.8
Step 10 start: 1925 ms
Step 10 setters done: 2000 ms; text 49.7; caret 0.6; options 3.1
Step 10 dispatcher resumed: 2131 ms
Step 10 done: 2248 ms; setters 75.5; dispatcher 131.1; layout 116.7
Step 11 start: 2248 ms
Step 11 setters done: 2250 ms; text 0.0; caret 0.0; options 1.6
Step 11 dispatcher resumed: 2271 ms
Step 11 done: 2381 ms; setters 1.8; dispatcher 20.9; layout 110.7
Step 12 start: 2382 ms
Step 12 setters done: 2383 ms; text 0.0; caret 0.0; options 1.7
Step 12 dispatcher resumed: 2406 ms
Step 12 done: 2528 ms; setters 1.9; dispatcher 22.1; layout 122.4
Step 13 start: 2528 ms
Step 13 setters done: 2530 ms; text 0.0; caret 0.0; options 1.9
Step 13 dispatcher resumed: 2554 ms
Step 13 done: 2677 ms; setters 2.2; dispatcher 23.9; layout 122.7
Step 14 start: 2677 ms
Step 14 setters done: 2679 ms; text 0.0; caret 0.0; options 1.7
Step 14 dispatcher resumed: 2699 ms
Step 14 done: 2813 ms; setters 1.9; dispatcher 20.3; layout 113.6
Step 15 start: 2813 ms
Step 15 setters done: 2859 ms; text 42.4; caret 0.6; options 2.6
Step 15 dispatcher resumed: 2987 ms
Step 15 done: 3091 ms; setters 46.0; dispatcher 128.1; layout 104.6
Step 16 start: 3091 ms
Step 16 setters done: 3093 ms; text 0.0; caret 0.0; options 1.7
Step 16 dispatcher resumed: 3114 ms
Step 16 done: 3217 ms; setters 1.9; dispatcher 21.1; layout 102.8
Step 17 start: 3217 ms
Step 17 setters done: 3219 ms; text 0.0; caret 0.0; options 2.0
Step 17 dispatcher resumed: 3240 ms
Step 17 done: 3343 ms; setters 2.3; dispatcher 20.8; layout 102.5
Step 18 start: 3343 ms
Step 18 setters done: 3345 ms; text 0.0; caret 0.0; options 1.8
Step 18 dispatcher resumed: 3367 ms
Step 18 done: 3454 ms; setters 2.0; dispatcher 22.4; layout 87.2
Step 19 start: 3454 ms
Step 19 setters done: 3457 ms; text 0.0; caret 0.0; options 1.8
Step 19 dispatcher resumed: 3479 ms
Step 19 done: 3570 ms; setters 2.1; dispatcher 22.8; layout 91.0
Step 20 start: 3570 ms
Step 20 setters done: 3611 ms; text 36.6; caret 0.5; options 2.6
Step 20 dispatcher resumed: 3827 ms
Step 20 done: 3944 ms; setters 40.1; dispatcher 216.3; layout 116.8
Step 21 start: 3944 ms
Step 21 setters done: 3946 ms; text 0.0; caret 0.0; options 1.9
Step 21 dispatcher resumed: 3974 ms
Step 21 done: 4084 ms; setters 2.1; dispatcher 27.8; layout 110.3
Step 22 start: 4084 ms
Step 22 setters done: 4086 ms; text 0.0; caret 0.0; options 2.1
Step 22 dispatcher resumed: 4110 ms
Step 22 done: 4191 ms; setters 2.5; dispatcher 23.3; layout 81.3
Step 23 start: 4191 ms
Step 23 setters done: 4205 ms; text 0.0; caret 0.0; options 13.8
Step 23 dispatcher resumed: 4230 ms
Step 23 done: 4309 ms; setters 14.0; dispatcher 24.5; layout 79.6
Step 24 start: 4309 ms
Step 24 setters done: 4312 ms; text 0.0; caret 0.0; options 2.2
Step 24 dispatcher resumed: 4338 ms
Step 24 done: 4427 ms; setters 2.6; dispatcher 25.8; layout 89.5
Step 25 start: 4427 ms
Step 25 setters done: 4458 ms; text 27.9; caret 0.3; options 2.5
Step 25 dispatcher resumed: 4558 ms
Step 25 done: 4633 ms; setters 31.1; dispatcher 99.7; layout 74.8
Step 26 start: 4633 ms
Step 26 setters done: 4635 ms; text 0.0; caret 0.0; options 1.7
Step 26 dispatcher resumed: 4664 ms
Step 26 done: 4743 ms; setters 1.9; dispatcher 29.8; layout 78.8
Step 27 start: 4743 ms
Step 27 setters done: 4745 ms; text 0.0; caret 0.0; options 1.8
Step 27 dispatcher resumed: 4771 ms
Step 27 done: 4846 ms; setters 2.1; dispatcher 25.8; layout 75.3
Step 28 start: 4847 ms
Step 28 setters done: 4849 ms; text 0.0; caret 0.0; options 1.8
Step 28 dispatcher resumed: 4873 ms
Step 28 done: 4952 ms; setters 2.0; dispatcher 24.2; layout 79.2
Step 29 start: 4952 ms
Step 29 setters done: 4954 ms; text 0.0; caret 0.0; options 1.4
Step 29 dispatcher resumed: 4979 ms
Step 29 done: 5047 ms; setters 1.6; dispatcher 25.8; layout 67.4
Step 30 start: 5047 ms
Step 30 setters done: 5072 ms; text 22.8; caret 0.2; options 1.5
Step 30 dispatcher resumed: 5171 ms
Step 30 done: 5234 ms; setters 24.8; dispatcher 99.2; layout 63.6
Step 31 start: 5234 ms
Step 31 setters done: 5236 ms; text 0.0; caret 0.0; options 1.4
Step 31 dispatcher resumed: 5257 ms
Step 31 done: 5319 ms; setters 1.6; dispatcher 20.9; layout 62.3
Step 32 start: 5319 ms
Step 32 setters done: 5321 ms; text 0.0; caret 0.0; options 0.9
Step 32 dispatcher resumed: 5351 ms
Step 32 done: 5419 ms; setters 1.1; dispatcher 30.3; layout 68.3
Step 33 start: 5419 ms
Step 33 setters done: 5420 ms; text 0.0; caret 0.0; options 0.9
Step 33 dispatcher resumed: 5452 ms
Step 33 done: 5523 ms; setters 1.0; dispatcher 32.1; layout 70.5
Step 34 start: 5523 ms
Step 34 setters done: 5524 ms; text 0.0; caret 0.0; options 0.9
Step 34 dispatcher resumed: 5536 ms
Step 34 done: 5599 ms; setters 1.0; dispatcher 12.3; layout 63.4
Step 35 start: 5599 ms
Step 35 setters done: 5636 ms; text 32.9; caret 0.5; options 2.5
Step 35 dispatcher resumed: 5743 ms
Step 35 done: 5805 ms; setters 36.3; dispatcher 107.0; layout 62.0
Step 36 start: 5805 ms
Step 36 setters done: 5806 ms; text 0.0; caret 0.0; options 0.9
Step 36 dispatcher resumed: 5818 ms
Step 36 done: 5876 ms; setters 1.0; dispatcher 11.9; layout 58.6
Step 37 start: 5876 ms
Step 37 setters done: 5877 ms; text 0.0; caret 0.0; options 0.9
Step 37 dispatcher resumed: 5893 ms
Step 37 done: 5960 ms; setters 1.1; dispatcher 15.9; layout 66.9
Step 38 start: 5960 ms
Step 38 setters done: 5961 ms; text 0.0; caret 0.0; options 0.9
Step 38 dispatcher resumed: 5974 ms
Step 38 done: 6034 ms; setters 1.1; dispatcher 13.0; layout 59.6
Step 39 start: 6034 ms
Step 39 setters done: 6035 ms; text 0.0; caret 0.0; options 1.1
Step 39 dispatcher resumed: 6054 ms
Step 39 done: 6113 ms; setters 1.3; dispatcher 19.2; layout 58.5
Step 40 start: 6113 ms
Step 40 setters done: 12558 ms; text 6440.7; caret 0.9; options 2.7
Step 40 dispatcher resumed: 12776 ms
Step 40 done: 12930 ms; setters 6444.9; dispatcher 218.8; layout 153.9
Step 41 start: 12930 ms
Step 41 setters done: 12932 ms; text 0.0; caret 0.0; options 1.6
Step 41 dispatcher resumed: 12973 ms
Step 41 done: 13158 ms; setters 1.9; dispatcher 41.0; layout 184.5
Step 42 start: 13158 ms
Step 42 setters done: 13160 ms; text 0.0; caret 0.0; options 2.2
Step 42 dispatcher resumed: 13189 ms
Step 42 done: 13367 ms; setters 2.5; dispatcher 28.9; layout 177.6
Step 43 start: 13367 ms
Step 43 setters done: 13369 ms; text 0.0; caret 0.0; options 2.0
Step 43 dispatcher resumed: 13399 ms
Step 43 done: 13555 ms; setters 2.2; dispatcher 30.1; layout 156.3
Step 44 start: 13555 ms
Step 44 setters done: 13558 ms; text 0.0; caret 0.0; options 2.6
Step 44 dispatcher resumed: 13586 ms
Step 44 done: 13752 ms; setters 2.9; dispatcher 27.8; layout 166.1
Step 45 start: 13752 ms
Step 45 setters done: 13790 ms; text 33.8; caret 0.6; options 2.9
Step 45 dispatcher resumed: 14025 ms
Step 45 done: 14199 ms; setters 37.7; dispatcher 235.3; layout 173.9
Step 46 start: 14199 ms
Step 46 setters done: 14201 ms; text 0.0; caret 0.0; options 1.7
Step 46 dispatcher resumed: 14232 ms
Step 46 done: 14407 ms; setters 1.9; dispatcher 31.1; layout 174.4
Step 47 start: 14407 ms
Step 47 setters done: 14466 ms; text 0.0; caret 0.0; options 1.7
Step 47 dispatcher resumed: 14505 ms
Step 47 done: 14674 ms; setters 59.0; dispatcher 38.7; layout 169.9
Step 48 start: 14674 ms
Step 48 setters done: 14677 ms; text 0.0; caret 0.0; options 1.9
Step 48 dispatcher resumed: 14700 ms
Step 48 done: 14887 ms; setters 2.1; dispatcher 23.9; layout 186.5
Step 49 start: 14887 ms
Step 49 setters done: 14889 ms; text 0.0; caret 0.0; options 1.8
Step 49 dispatcher resumed: 14921 ms
Step 49 done: 15114 ms; setters 2.1; dispatcher 31.6; layout 193.4
Step 50 start: 15114 ms
Slow text setter: step 50, editor 843, 100.1 ms
Step 50 setters done: 37527 ms; text 22398.6; caret 1.6; options 10.6
Step 50 dispatcher resumed: 37800 ms
Step 50 done: 37987 ms; setters 22413.4; dispatcher 273.0; layout 186.1

